Command: /home/pedro/.local/espressif/python_env/idf6.0_py3.13_env/bin/python /home/pedro/Downloads/github/esp-idf/tools/idf_monitor.py -p /dev/ttyUSB0 -b 115200 --toolchain-prefix xtensa-esp32-elf- --target esp32 --revision 0 /home/pedro/git/VOL-rewrite/ecu_vol/build/ecu_vol.elf /home/pedro/git/VOL-rewrite/ecu_vol/build/bootloader/bootloader.elf -m '/home/pedro/.local/espressif/python_env/idf6.0_py3.13_env/bin/python' '/home/pedro/Downloads/github/esp-idf/tools/idf.py'
ï¿½ï¿½xï¿½ï¿½ï¿½ï¿½ets Jul 29 2019 12:21:46

rst:0x1 (POWERON_RESET),boot:0x13 (SPI_FAST_FLASH_BOOT)
configsip: 0, SPIWP:0xee
clk_drv:0x00,q_drv:0x00,d_drv:0x00,cs0_drv:0x00,hd_drv:0x00,wp_drv:0x00
mode:DIO, clock div:2
load:0x3fff0030,len:6376
load:0x40078000,len:15960
load:0x40080400,len:3932
entry 0x40080644
[0;32mI (27) boot: ESP-IDF v6.0-dev-1980-g47a659cd3e-dirty 2nd stage bootloader[0m
[0;32mI (27) boot: compile time Aug 29 2025 12:07:58[0m
[0;32mI (28) boot: Multicore bootloader[0m
[0;32mI (31) boot: chip revision: v3.1[0m
[0;32mI (34) boot.esp32: SPI Speed      : 40MHz[0m
[0;32mI (37) boot.esp32: SPI Mode       : DIO[0m
[0;32mI (41) boot.esp32: SPI Flash Size : 4MB[0m
[0;32mI (45) boot: Enabling RNG early entropy source...[0m
[0;32mI (49) boot: Partition Table:[0m
[0;32mI (52) boot: ## Label            Usage          Type ST Offset   Length[0m
[0;32mI (58) boot:  0 nvs              WiFi data        01 02 00009000 00006000[0m
[0;32mI (65) boot:  1 phy_init         RF data          01 01 0000f000 00001000[0m
[0;32mI (71) boot:  2 factory          factory app      00 00 00010000 00100000[0m
[0;32mI (78) boot: End of partition table[0m
[0;32mI (81) esp_image: segment 0: paddr=00010020 vaddr=3f400020 size=0bafch ( 47868) map[0m
[0;32mI (105) esp_image: segment 1: paddr=0001bb24 vaddr=3ffb0000 size=02a18h ( 10776) load[0m
[0;32mI (110) esp_image: segment 2: paddr=0001e544 vaddr=40080000 size=01ad4h (  6868) load[0m
[0;32mI (113) esp_image: segment 3: paddr=00020020 vaddr=400d0020 size=186f4h (100084) map[0m
[0;32mI (152) esp_image: segment 4: paddr=0003871c vaddr=40081ad4 size=09dach ( 40364) load[0m
[0;32mI (169) esp_image: segment 5: paddr=000424d0 vaddr=50000000 size=00024h (    36) load[0m
[0;32mI (175) boot: Loaded app from partition at offset 0x10000[0m
[0;32mI (175) boot: Disabling RNG early entropy source...[0m
[0;32mI (187) cpu_start: Multicore app[0m
[0;32mI (195) cpu_start: GPIO 3 and 1 are used as console UART I/O pins[0m
[0;32mI (195) cpu_start: Pro cpu start user code[0m
[0;32mI (195) cpu_start: cpu freq: 160000000 Hz[0m
[0;32mI (197) app_init: Application information:[0m
[0;32mI (201) app_init: Project name:     ecu_vol[0m
[0;32mI (205) app_init: App version:      1[0m
[0;32mI (208) app_init: Compile time:     Aug 29 2025 12:07:51[0m
[0;32mI (213) app_init: ELF file SHA256:  35c187205...[0m
[0;32mI (218) app_init: ESP-IDF:          v6.0-dev-1980-g47a659cd3e-dirty[0m
[0;32mI (224) efuse_init: Min chip rev:     v0.0[0m
[0;32mI (228) efuse_init: Max chip rev:     v3.99 [0m
[0;32mI (232) efuse_init: Chip rev:         v3.1[0m
[0;32mI (236) heap_init: Initializing. RAM available for dynamic allocation:[0m
[0;32mI (242) heap_init: At 3FFAE6E0 len 00001920 (6 KiB): DRAM[0m
[0;32mI (247) heap_init: At 3FFB3778 len 0002C888 (178 KiB): DRAM[0m
[0;32mI (252) heap_init: At 3FFE0440 len 00003AE0 (14 KiB): D/IRAM[0m
[0;32mI (257) heap_init: At 3FFE4350 len 0001BCB0 (111 KiB): D/IRAM[0m
[0;32mI (263) heap_init: At 4008B880 len 00014780 (81 KiB): IRAM[0m
[0;32mI (270) spi_flash: detected chip: generic[0m
[0;32mI (272) spi_flash: flash io: dio[0m
[0;32mI (276) main_task: Started on CPU0[0m
[0;32mI (286) main_task: Calling app_main()[0m
[0;32mI (286) STOPWATCH: Initializing display...[0m
[0;32mI (286) SSD1306: New i2c driver is used[0m
[0;32mI (336) SSD1306: OLED configured successfully[0m
[0;32mI (336) STOPWATCH: Display initialized successfully.[0m
[0;32mI (336) STOPWATCH: Tasks created. Stopwatch is running.[0m
[0;32mI (336) main_task: Returned from app_main()[0m
[1;31mE (29336) SSD1306: Could not write to device [0x3c at 0]: 264 (ESP_ERR_INVALID_RESPONSE)[0m
[1;31mE (29336) SSD1306: Could not write to device [0x3c at 0]: 264 (ESP_ERR_INVALID_RESPONSE)[0m
[1;31mE (29336) SSD1306: Could not write to device [0x3c at 0]: 264 (ESP_ERR_INVALID_RESPONSE)[0m
[1;31mE (29346) SSD1306: Could not write to device [0x3c at 0]: 264 (ESP_ERR_INVALID_RESPONSE)[0m
[1;31mE (29356) SSD1306: Could not write to device [0x3c at 0]: 264 (ESP_ERR_INVALID_RESPONSE)[0m
[1;31mE (29356) SSD1306: Could not write to device [0x3c at 0]: 264 (ESP_ERR_INVALID_RESPONSE)[0m
[1;31mE (29366) SSD1306: Could not write to device [0x3c at 0]: 264 (ESP_ERR_INVALID_RESPONSE)[0m
[1;31mE (29376) SSD1306: Could not write to device [0x3c at 0]: 264 (ESP_ERR_INVALID_RESPONSE)[0m
[1;31mE (29386) SSD1306: Could not write to device [0x3c at 0]: 264 (ESP_ERR_INVALID_RESPONSE)[0m
